***Starting server on port 63013 ***
Loading net-file from '../../../sumo/peak/aye_bottleneck_net.xml' ... done (3ms).
Loading additional-files from 'additional.add.xml' ... done (6ms).
Loading route-files incrementally from '../../../sumo/peak/peak_demand_rou.xml'
Loading done.
Simulation version 1.24.0 started with time: 0.00.
Warning: Vehicle 'veh_1018' performs emergency braking on lane 'E_weaving_2' with decel=9.00, wished=4.50, severity=1.00, time=585.50.
Warning: Vehicle 'veh_1105' performs emergency braking on lane 'E_weaving_2' with decel=7.00, wished=3.50, severity=1.00, time=608.00.
Warning: Vehicle 'veh_1539' performs emergency braking on lane 'E_weaving_0' with decel=7.00, wished=3.50, severity=1.00, time=1065.00.
Warning: Vehicle 'veh_1480' performs emergency braking on lane 'E_weaving_1' with decel=9.00, wished=4.50, severity=1.00, time=1113.00.
Warning: Vehicle 'veh_1747' performs emergency braking on lane 'E_weaving_3' with decel=10.00, wished=5.00, severity=1.00, time=1123.00.
Warning: Vehicle 'veh_1738' performs emergency braking on lane 'E_weaving_3' with decel=10.00, wished=5.00, severity=1.00, time=1137.00.
Warning: Vehicle 'veh_2034' performs emergency braking on lane 'E_weaving_2' with decel=9.00, wished=4.50, severity=1.00, time=1318.00.
Warning: Vehicle 'veh_2273' performs emergency braking on lane 'E_weaving_2' with decel=10.00, wished=5.00, severity=1.00, time=1414.50.
Warning: Vehicle 'veh_2333' performs emergency braking on lane 'E_main_in_2' with decel=9.00, wished=4.50, severity=1.00, time=1492.00.
Warning: Vehicle 'veh_2375' performs emergency braking on lane 'E_main_in_2' with decel=10.00, wished=5.00, severity=1.00, time=1493.50.
Warning: Vehicle 'veh_2934' performs emergency braking on lane 'E_weaving_2' with decel=7.00, wished=3.50, severity=1.00, time=1776.00.
Warning: Vehicle 'veh_3543' performs emergency braking on lane 'E_weaving_2' with decel=10.00, wished=5.00, severity=1.00, time=2149.50.
Warning: Vehicle 'veh_3725' performs emergency braking on lane 'E_weaving_3' with decel=9.00, wished=4.50, severity=1.00, time=2270.00.
Warning: Vehicle 'veh_3723' performs emergency braking on lane 'E_weaving_2' with decel=9.00, wished=4.50, severity=1.00, time=2272.50.
Warning: Vehicle 'veh_3731' performs emergency braking on lane 'E_weaving_0' with decel=9.00, wished=4.50, severity=1.00, time=2571.50.
Warning: Vehicle 'veh_4473' performs emergency braking on lane 'E_weaving_2' with decel=7.00, wished=3.50, severity=1.00, time=2698.50.
Warning: Vehicle 'veh_4078' performs emergency braking on lane 'E_weaving_0' with decel=10.00, wished=5.00, severity=1.00, time=2744.00.
Simulation ended at time: 3503.00.
Reason: TraCI requested termination.
Performance:
 Duration: 27.02s
 TraCI-Duration: 6.23s
 Real time factor: 129.669
 UPS: 30651.045715
Vehicles:
 Inserted: 4493
 Running: 0
 Waiting: 0
 Emergency Braking: 17
