***Starting server on port 61400 ***
Loading net-file from '../../../sumo/peak/aye_bottleneck_net.xml' ... done (3ms).
Loading additional-files from 'additional.add.xml' ... done (6ms).
Loading route-files incrementally from '../../../sumo/peak/peak_demand_rou.xml'
Loading done.
Simulation version 1.24.0 started with time: 0.00.
Warning: Vehicle 'veh_2538' performs emergency braking on lane 'E_weaving_1' with decel=9.00, wished=4.50, severity=1.00, time=1732.00.
Warning: Vehicle 'veh_2999' performs emergency braking on lane 'E_weaving_0' with decel=9.00, wished=4.50, severity=1.00, time=2724.50.
Simulation ended at time: 3715.00.
Reason: TraCI requested termination.
Performance:
 Duration: 22.16s
 TraCI-Duration: 5.70s
 Real time factor: 167.682
 UPS: 35024.915369
Vehicles:
 Inserted: 4493
 Running: 0
 Waiting: 0
 Emergency Braking: 2
