***Starting server on port 61389 ***
Loading net-file from '../../../sumo/peak/aye_bottleneck_net.xml' ... done (3ms).
Loading additional-files from 'additional.add.xml' ... done (6ms).
Loading route-files incrementally from '../../../sumo/peak/peak_demand_rou.xml'
Loading done.
Simulation version 1.24.0 started with time: 0.00.
Warning: Vehicle 'veh_634' performs emergency braking on lane 'E_weaving_3' with decel=10.00, wished=5.00, severity=1.00, time=351.00.
Warning: Vehicle 'veh_641' performs emergency braking on lane 'E_main_in_1' with decel=10.00, wished=5.00, severity=1.00, time=368.00.
Warning: Vehicle 'veh_1681' performs emergency braking on lane 'E_main_in_2' with decel=9.00, wished=4.50, severity=1.00, time=1144.50.
Warning: Vehicle 'veh_3158' performs emergency braking on lane 'E_weaving_1' with decel=9.00, wished=4.50, severity=1.00, time=2773.00.
Simulation ended at time: 3934.00.
Reason: TraCI requested termination.
Performance:
 Duration: 24.87s
 TraCI-Duration: 6.10s
 Real time factor: 158.189
 UPS: 34160.159234
Vehicles:
 Inserted: 4493
 Running: 0
 Waiting: 0
 Emergency Braking: 4
